// Jest Snapshot v1, https://goo.gl/fbAQLP

exports[`Footer should render 1`] = `
<body>
  <div>
    <div
      class="mt-12 w-full border-t py-6 text-sm"
    >
      <div
        class="m-auto flex max-w-4xl items-center justify-between text-gray-400"
      >
        <span>
          Â© 
          2023
           Radivoje Katanic
        </span>
        <span>
          Last updated on 
          Jan 10, 2020
        </span>
      </div>
    </div>
  </div>
</body>
`;
